<!doctype html>
<html>
<head>
  <link rel="style/css" href="assets/style.css?bazinga" />
</head>
<body>
  <img src="assets/image.png?bazinga" />
  <script src="assets/script.js?bazinga"></script>
</body>
</html>