<!doctype html>
<html>
<head>
  <link rel="style/css" href="assets/style.css?41417b64" />
</head>
<body>
  <img src="assets/image.png?fda60cb4" />
  <script src="assets/script.js?f4511fd3"></script>
</body>
</html>