<!doctype html>
<html>
<head>
  <link rel="style/css" href="assets/style.css" />
</head>
<body>
  <img src="assets/image.png" />
  <script src="assets/script.js"></script>
</body>
</html>