<!doctype html>
<html>
<head>
  <link rel="style/css" href="assets/style.css?90a7" />
</head>
<body>
  <img src="assets/image.png?2cf7" />
  <script src="assets/script.js?1b05"></script>
</body>
</html>