<!doctype html>
<html>
<head>
  <link rel="style/css" href="assets/style.css?90a73ce3" />
</head>
<body>
  <img src="assets/image.png?2cf72551" />
  <script src="assets/script.js?1b051228"></script>
</body>
</html>